2026-06-13 17:08:09,883 | MainThread | INFO | [+] Database loaded from disk.
2026-06-13 17:08:17,478 | MainThread | INFO | GET /user/Ditto | Status: 200 | Duration: 0.00ms
2026-06-13 17:08:17,488 | MainThread | INFO | GET /user/Ditto/data | Status: 200 | Duration: 0.00ms
2026-06-13 17:08:28,254 | MainThread | INFO | GET /user/Ditto/stats | Status: 200 | Duration: 87.39ms
2026-06-13 17:08:28,262 | MainThread | INFO | GET /user/Ditto/data | Status: 200 | Duration: 0.00ms
2026-06-13 17:09:06,194 | MainThread | INFO | GET /user/Ditto/distribution | Status: 200 | Duration: 27351.65ms
2026-06-13 17:09:06,194 | MainThread | INFO | GET /user/Ditto/data | Status: 200 | Duration: 0.00ms
2026-06-13 17:10:31,889 | MainThread | INFO | GET /user/Ditto/distribution | Status: 200 | Duration: 13477.06ms
2026-06-13 17:10:31,898 | MainThread | INFO | GET /user/Ditto/data | Status: 200 | Duration: 0.00ms
2026-06-13 13:30:54,010 | MainThread | ERROR | Failed to load banner data: [Errno 2] No such file or directory: 'Data/banner.json'
2026-06-13 13:30:54,049 | MainThread | INFO | [+] Database loaded from disk.
2026-06-13 13:35:21,430 | MainThread | INFO | [+] Database loaded from disk.
2026-06-13 13:36:39,773 | MainThread | INFO | GET /user/Ditto | Status: 200 | Duration: 29.21ms
2026-06-13 13:36:39,789 | MainThread | INFO | GET /user/Ditto/data | Status: 200 | Duration: 7.01ms
2026-06-13 13:36:43,438 | MainThread | INFO | POST /user/Ditto/pull | Status: 200 | Duration: 29.60ms
2026-06-13 13:36:43,456 | MainThread | INFO | GET /user/Ditto/data | Status: 200 | Duration: 9.69ms
2026-06-13 13:36:53,433 | MainThread | INFO | GET /banner | Status: 200 | Duration: 0.98ms
2026-06-13 13:36:55,629 | MainThread | INFO | PATCH /user/Ditto/data | Status: 200 | Duration: 19.32ms
2026-06-13 13:36:55,644 | MainThread | INFO | GET /user/Ditto/data | Status: 200 | Duration: 8.17ms
2026-06-13 13:37:22,996 | MainThread | INFO | GET /user/Ditto/items | Status: 200 | Duration: 56.47ms
2026-06-13 13:37:23,028 | MainThread | INFO | GET /user/Ditto/data | Status: 200 | Duration: 7.53ms
2026-06-13 13:37:45,109 | MainThread | INFO | GET /user/Ditto/distribution | Status: 200 | Duration: 12331.27ms
2026-06-13 13:37:45,125 | MainThread | INFO | GET /user/Ditto/data | Status: 200 | Duration: 7.45ms
2026-06-13 13:43:40,011 | MainThread | INFO | GET /user/Ditto | Status: 200 | Duration: 9.53ms
2026-06-13 13:43:40,025 | MainThread | INFO | GET /user/Ditto/data | Status: 200 | Duration: 6.07ms
2026-06-13 13:44:02,724 | MainThread | INFO | [+] Database loaded from disk.
2026-06-13 13:44:09,353 | MainThread | INFO | POST /user/Ditto/pull | Status: 200 | Duration: 38.42ms
2026-06-13 13:44:09,369 | MainThread | INFO | GET /user/Ditto/data | Status: 200 | Duration: 7.35ms
2026-06-13 13:47:40,495 | MainThread | INFO | [+] Database loaded from disk.
2026-06-13 13:48:23,399 | MainThread | INFO | GET /user/Ditto | Status: 200 | Duration: 31.94ms
2026-06-13 13:48:23,414 | MainThread | INFO | GET /user/Ditto/data | Status: 200 | Duration: 7.23ms
2026-06-13 13:48:25,161 | MainThread | INFO | POST /user/Ditto/pull | Status: 200 | Duration: 23.51ms
2026-06-13 13:48:25,176 | MainThread | INFO | GET /user/Ditto/data | Status: 200 | Duration: 7.02ms
2026-06-13 13:48:33,184 | MainThread | INFO | GET /banner | Status: 200 | Duration: 1.07ms
2026-06-13 13:48:33,790 | MainThread | INFO | PATCH /user/Ditto/data | Status: 200 | Duration: 11.16ms
2026-06-13 13:48:33,805 | MainThread | INFO | GET /user/Ditto/data | Status: 200 | Duration: 7.03ms
2026-06-13 13:48:44,770 | MainThread | INFO | GET /user/Ditto/distribution | Status: 200 | Duration: 2522.46ms
2026-06-13 13:48:44,788 | MainThread | INFO | GET /user/Ditto/data | Status: 200 | Duration: 8.56ms
